// Jest Snapshot v1, https://goo.gl/fbAQLP

exports[`Cities List correctly renders 1`] = `
<div
  className="cities tabs"
>
  <section
    className="locations container"
  >
    <ul
      className="locations__list tabs__list"
    >
      <li
        className="locations__item"
      >
        <a
          className="locations__item-link tabs__item "
          href="#"
          onClick={[Function]}
        >
          <span>
            Saint-Petersburg
          </span>
        </a>
      </li>
      <li
        className="locations__item"
      >
        <a
          className="locations__item-link tabs__item tabs__item--active"
          href="#"
          onClick={[Function]}
        >
          <span>
            Amsterdam
          </span>
        </a>
      </li>
      <li
        className="locations__item"
      >
        <a
          className="locations__item-link tabs__item "
          href="#"
          onClick={[Function]}
        >
          <span>
            Berlin
          </span>
        </a>
      </li>
      <li
        className="locations__item"
      >
        <a
          className="locations__item-link tabs__item "
          href="#"
          onClick={[Function]}
        >
          <span>
            London
          </span>
        </a>
      </li>
      <li
        className="locations__item"
      >
        <a
          className="locations__item-link tabs__item "
          href="#"
          onClick={[Function]}
        >
          <span>
            Budapest
          </span>
        </a>
      </li>
      <li
        className="locations__item"
      >
        <a
          className="locations__item-link tabs__item "
          href="#"
          onClick={[Function]}
        >
          <span>
            Tokyo
          </span>
        </a>
      </li>
      <li
        className="locations__item"
      >
        <a
          className="locations__item-link tabs__item "
          href="#"
          onClick={[Function]}
        >
          <span>
            Sydney
          </span>
        </a>
      </li>
    </ul>
  </section>
</div>
`;
